#-----------------------------------------------------------
# Vivado v2019.1 (64-bit)
# SW Build 2552052 on Fri May 24 14:47:09 MDT 2019
# IP Build 2548770 on Fri May 24 18:01:18 MDT 2019
# Start of session at: Tue Feb  7 23:27:49 2023
# Process ID: 1608960
# Current directory: /home/zhichao/Downloads/GRLIB/grlib-7-series/grlib-gpl-2022.4-b4280/designs/leon3-genesys2/vivado/leon3-genesys2/leon3-genesys2.runs/clk_100MHz_synth_1
# Command line: vivado -log clk_100MHz.vds -product Vivado -mode batch -messageDb vivado.pb -notrace -source clk_100MHz.tcl
# Log file: /home/zhichao/Downloads/GRLIB/grlib-7-series/grlib-gpl-2022.4-b4280/designs/leon3-genesys2/vivado/leon3-genesys2/leon3-genesys2.runs/clk_100MHz_synth_1/clk_100MHz.vds
# Journal file: /home/zhichao/Downloads/GRLIB/grlib-7-series/grlib-gpl-2022.4-b4280/designs/leon3-genesys2/vivado/leon3-genesys2/leon3-genesys2.runs/clk_100MHz_synth_1/vivado.jou
#-----------------------------------------------------------
source clk_100MHz.tcl -notrace
